[    4171ms] [LOG] FullStory namespace conflict. Please set window["_fs_namespace"]. @ https://handshake-production-cdn.joinhandshake.com/dist/consumer/vendor.9970666da18e6927.js:0
[    4357ms] [ERROR] Failed to load resource: the server responded with a status of 401 () @ https://wisc.joinhandshake.com/hs/graphql:0
[    4376ms] Uncaught (in promise) ApolloError: Response not successful: Received status code 401
    at n (https://handshake-production-cdn.joinhandshake.com/dist/consumer/46437.4ec6aa83461d7440.js:7:7672)
    at <anonymous> (https://handshake-production-cdn.joinhandshake.com/dist/consumer/46437.4ec6aa83461d7440.js:0:2804740)
    at t (https://handshake-production-cdn.joinhandshake.com/dist/consumer/46437.4ec6aa83461d7440.js:0:2768656)
    at <anonymous> (https://handshake-production-cdn.joinhandshake.com/dist/consumer/46437.4ec6aa83461d7440.js:0:2768570)
    at then (https://handshake-production-cdn.joinhandshake.com/dist/consumer/46437.4ec6aa83461d7440.js:0:2768536)
    at <anonymous> (https://handshake-production-cdn.joinhandshake.com/dist/consumer/46437.4ec6aa83461d7440.js:0:2768666)
    at _ (https://handshake-production-cdn.joinhandshake.com/dist/consumer/46437.4ec6aa83461d7440.js:0:2734213)
    at h (https://handshake-production-cdn.joinhandshake.com/dist/consumer/46437.4ec6aa83461d7440.js:0:2734670)
    at n.error (https://handshake-production-cdn.joinhandshake.com/dist/consumer/46437.4ec6aa83461d7440.js:0:2735255)
    at <anonymous> (https://handshake-production-cdn.joinhandshake.com/dist/consumer/46437.4ec6aa83461d7440.js:0:2769278)
    at pn (https://handshake-production-cdn.joinhandshake.com/dist/consumer/46437.4ec6aa83461d7440.js:0:2769246)
    at error (https://handshake-production-cdn.joinhandshake.com/dist/consumer/46437.4ec6aa83461d7440.js:0:2769960)
    at _ (https://handshake-production-cdn.joinhandshake.com/dist/consumer/46437.4ec6aa83461d7440.js:0:2734213)
    at h (https://handshake-production-cdn.joinhandshake.com/dist/consumer/46437.4ec6aa83461d7440.js:0:2734670)
    at n.error (https://handshake-production-cdn.joinhandshake.com/dist/consumer/46437.4ec6aa83461d7440.js:0:2735255)
    at _ (https://handshake-production-cdn.joinhandshake.com/dist/consumer/46437.4ec6aa83461d7440.js:0:2734213)
    at h (https://handshake-production-cdn.joinhandshake.com/dist/consumer/46437.4ec6aa83461d7440.js:0:2734670)
    at n.error (https://handshake-production-cdn.joinhandshake.com/dist/consumer/46437.4ec6aa83461d7440.js:0:2735255)
    at error (https://handshake-production-cdn.joinhandshake.com/dist/consumer/46437.4ec6aa83461d7440.js:0:2736331)
    at _ (https://handshake-production-cdn.joinhandshake.com/dist/consumer/46437.4ec6aa83461d7440.js:0:2734213)
    at h (https://handshake-production-cdn.joinhandshake.com/dist/consumer/46437.4ec6aa83461d7440.js:0:2734670)
    at n.error (https://handshake-production-cdn.joinhandshake.com/dist/consumer/46437.4ec6aa83461d7440.js:0:2735255)
    at error (https://handshake-production-cdn.joinhandshake.com/dist/consumer/46437.4ec6aa83461d7440.js:0:2823143)
    at _ (https://handshake-production-cdn.joinhandshake.com/dist/consumer/46437.4ec6aa83461d7440.js:0:2734213)
    at h (https://handshake-production-cdn.joinhandshake.com/dist/consumer/46437.4ec6aa83461d7440.js:0:2734670)
    at n.error (https://handshake-production-cdn.joinhandshake.com/dist/consumer/46437.4ec6aa83461d7440.js:0:2735255)
    at <anonymous> (https://handshake-production-cdn.joinhandshake.com/dist/consumer/46437.4ec6aa83461d7440.js:0:2766999)
    at <anonymous> (https://handshake-production-cdn.joinhandshake.com/dist/consumer/46437.4ec6aa83461d7440.js:0:2767008)
[    4479ms] [ERROR] Failed to load resource: the server responded with a status of 401 () @ https://wisc.joinhandshake.com/hs/graphql:0
[    4678ms] [LOG] setInWindow: gtmConsentListeners success:  true @ https://handshake-production-cdn.joinhandshake.com/dist/consumer/vendor.9970666da18e6927.js:0
[    5534ms] [LOG] setInWindow: gtmConsentListeners success:  true @ https://handshake-production-cdn.joinhandshake.com/dist/app-shell/application_limited.0e4f48515c1cceba.js:28
[   29668ms] [ERROR] Loading the image 'https://duo.com/' violates the following Content Security Policy directive: "img-src 'self'". The action has been blocked. @ https://api-f4b22b08.duosecurity.com/frame/frameless/v4/auth?sid=frameless-a6d1b1de-b2c3-449d-95dc-bea8650acb5c&tx=eyJ0eXAiOiJKV1QiLCJhbGciOiJIUzUxMiJ9.eyJkdW9fdW5hbWUiOiJzb3VtcGhvbnBoYWsiLCJzY29wZSI6Im9wZW5pZCIsInJlc3BvbnNlX3R5cGUiOiJjb2RlIiwicmVkaXJlY3RfdXJpIjoiaHR0cHM6Ly9sb2dpbi53aXNjLmVkdS9pZHAvcHJvZmlsZS9BdXRobi9EdW8vMkZBL2R1by1jYWxsYmFjayIsInN0YXRlIjoiNDU3Y2NmMTRlNDY1NTQxZmZiZDk1ZmRiOGZjMzMxYmMuNjUzMTczMzMiLCJleHAiOjE3NzkwMDMxNzYsImNsaWVudF9pZCI6IkRJWUNSMTdBS1hDM0ZaM09XQ1NVIn0.233O3H8X5HFK5T5E2B5N7r8aovCnQnRMoSegaaUGXA3anrm96csQKeSWZy33Kht5nw3B7vwQX8YFlc59VxdJ-g&req-trace-group=6507a9ba25a1d32306ce360b:0
[   30737ms] [ERROR] Loading the image 'https://duo.com/' violates the following Content Security Policy directive: "img-src 'self' ux-asset-commercial.duosecurity.com". The action has been blocked. @ https://api-f4b22b08.duosecurity.com/frame/v4/preauth/healthcheck?sid=frameless-a6d1b1de-b2c3-449d-95dc-bea8650acb5c:0
[   31566ms] [ERROR] Loading the image 'https://duo.com/' violates the following Content Security Policy directive: "img-src 'self'". The action has been blocked. @ https://api-f4b22b08.duosecurity.com/frame/frameless/v4/auth?sid=frameless-a6d1b1de-b2c3-449d-95dc-bea8650acb5c&tx=eyJ0eXAiOiJKV1QiLCJhbGciOiJIUzUxMiJ9.eyJkdW9fdW5hbWUiOiJzb3VtcGhvbnBoYWsiLCJzY29wZSI6Im9wZW5pZCIsInJlc3BvbnNlX3R5cGUiOiJjb2RlIiwicmVkaXJlY3RfdXJpIjoiaHR0cHM6Ly9sb2dpbi53aXNjLmVkdS9pZHAvcHJvZmlsZS9BdXRobi9EdW8vMkZBL2R1by1jYWxsYmFjayIsInN0YXRlIjoiNDU3Y2NmMTRlNDY1NTQxZmZiZDk1ZmRiOGZjMzMxYmMuNjUzMTczMzMiLCJleHAiOjE3NzkwMDMxNzYsImNsaWVudF9pZCI6IkRJWUNSMTdBS1hDM0ZaM09XQ1NVIn0.233O3H8X5HFK5T5E2B5N7r8aovCnQnRMoSegaaUGXA3anrm96csQKeSWZy33Kht5nw3B7vwQX8YFlc59VxdJ-g:0
[   32117ms] [ERROR] Loading the image 'https://duo.com/' violates the following Content Security Policy directive: "img-src 'self' ux-asset-commercial.duosecurity.com". The action has been blocked. @ https://api-f4b22b08.duosecurity.com/frame/v4/auth/prompt?sid=frameless-a6d1b1de-b2c3-449d-95dc-bea8650acb5c:0
[   42526ms] [ERROR] Failed to load resource: the server responded with a status of 404 (Not Found) @ https://login.wisc.edu/favicon.ico:0
[   44747ms] [LOG] FullStory namespace conflict. Please set window["_fs_namespace"]. @ https://handshake-production-cdn.joinhandshake.com/dist/consumer/vendor.9970666da18e6927.js:0
[   44853ms] [LOG] setInWindow: gtmConsentListeners success:  true @ https://handshake-production-cdn.joinhandshake.com/dist/consumer/vendor.9970666da18e6927.js:0
[   46294ms] Uncaught (in promise) ApolloError: Failed to create recent search
    at n (https://handshake-production-cdn.joinhandshake.com/dist/consumer/46437.4ec6aa83461d7440.js:7:7672)
    at <anonymous> (https://handshake-production-cdn.joinhandshake.com/dist/consumer/46437.4ec6aa83461d7440.js:0:2794399)
    at t (https://handshake-production-cdn.joinhandshake.com/dist/consumer/46437.4ec6aa83461d7440.js:0:2768656)
    at <anonymous> (https://handshake-production-cdn.joinhandshake.com/dist/consumer/46437.4ec6aa83461d7440.js:0:2768570)
    at then (https://handshake-production-cdn.joinhandshake.com/dist/consumer/46437.4ec6aa83461d7440.js:0:2768536)
    at <anonymous> (https://handshake-production-cdn.joinhandshake.com/dist/consumer/46437.4ec6aa83461d7440.js:0:2768666)
    at _ (https://handshake-production-cdn.joinhandshake.com/dist/consumer/46437.4ec6aa83461d7440.js:0:2734164)
    at h (https://handshake-production-cdn.joinhandshake.com/dist/consumer/46437.4ec6aa83461d7440.js:0:2734670)
    at n.next (https://handshake-production-cdn.joinhandshake.com/dist/consumer/46437.4ec6aa83461d7440.js:0:2735203)
    at <anonymous> (https://handshake-production-cdn.joinhandshake.com/dist/consumer/46437.4ec6aa83461d7440.js:0:2769278)
    at pn (https://handshake-production-cdn.joinhandshake.com/dist/consumer/46437.4ec6aa83461d7440.js:0:2769246)
    at next (https://handshake-production-cdn.joinhandshake.com/dist/consumer/46437.4ec6aa83461d7440.js:0:2769776)
    at _ (https://handshake-production-cdn.joinhandshake.com/dist/consumer/46437.4ec6aa83461d7440.js:0:2734164)
    at h (https://handshake-production-cdn.joinhandshake.com/dist/consumer/46437.4ec6aa83461d7440.js:0:2734670)
    at n.next (https://handshake-production-cdn.joinhandshake.com/dist/consumer/46437.4ec6aa83461d7440.js:0:2735203)
    at _ (https://handshake-production-cdn.joinhandshake.com/dist/consumer/46437.4ec6aa83461d7440.js:0:2734164)
    at h (https://handshake-production-cdn.joinhandshake.com/dist/consumer/46437.4ec6aa83461d7440.js:0:2734670)
    at n.next (https://handshake-production-cdn.joinhandshake.com/dist/consumer/46437.4ec6aa83461d7440.js:0:2735203)
    at next (https://handshake-production-cdn.joinhandshake.com/dist/consumer/46437.4ec6aa83461d7440.js:0:2736302)
    at _ (https://handshake-production-cdn.joinhandshake.com/dist/consumer/46437.4ec6aa83461d7440.js:0:2734164)
    at h (https://handshake-production-cdn.joinhandshake.com/dist/consumer/46437.4ec6aa83461d7440.js:0:2734670)
    at n.next (https://handshake-production-cdn.joinhandshake.com/dist/consumer/46437.4ec6aa83461d7440.js:0:2735203)
    at next (https://handshake-production-cdn.joinhandshake.com/dist/consumer/46437.4ec6aa83461d7440.js:0:2822930)
    at _ (https://handshake-production-cdn.joinhandshake.com/dist/consumer/46437.4ec6aa83461d7440.js:0:2734164)
    at h (https://handshake-production-cdn.joinhandshake.com/dist/consumer/46437.4ec6aa83461d7440.js:0:2734670)
    at n.next (https://handshake-production-cdn.joinhandshake.com/dist/consumer/46437.4ec6aa83461d7440.js:0:2735203)
